SOL  Solar Panel 550W                    43 listings  -> kept 2
SOL  Solar Panel 450W                    30 listings  -> kept 0
SOL  Hybrid Solar Inverter 5kw           30 listings  -> kept 5
SOL  Hybrid Solar Inverter 3kw           30 listings  -> kept 5
SOL  Lithium Battery 48V 100Ah           30 listings  -> kept 5
SOL  Lithium Battery 12V 100Ah           30 listings  -> kept 5
SOL  Solar Street Light                  45 listings  -> kept 4
SOL  Solar Home Lighting System          45 listings  -> kept 5
SOL  Portable Power Station              38 listings  -> kept 5
SOL  Solar Water Pump                    45 listings  -> kept 5
SOL  MPPT Solar Charge Controller        30 listings  -> kept 5
APL  Split Air Conditioner 12000BTU      30 listings  -> kept 5
APL  Solar Air Conditioner               30 listings  -> kept 5
APL  Chest Freezer                       30 listings  -> kept 5
APL  Double Door Refrigerator            43 listings  -> kept 5
APL  DC Solar Refrigerator               30 listings  -> kept 5
APL  Twin Tub Washing Machine            30 listings  -> kept 0
APL  Water Dispenser                     43 listings  -> kept 5
APL  Rechargeable Fan                    45 listings  -> kept 0
APL  Stand Fan 16 inch                   30 listings  -> kept 4
APL  Ceiling Fan                         40 listings  -> kept 5
APL  Microwave Oven                      30 listings  -> kept 0
APL  Gas Cooker 4 Burner                 30 listings  -> kept 1
HOM  Electric Kettle                     30 listings  -> kept 2
HOM  Blender                             30 listings  -> kept 4
HOM  Rice Cooker                         30 listings  -> kept 2
HOM  Air Fryer                           30 listings  -> kept 0
HOM  Cookware Set                        43 listings  -> kept 0
HOM  Vacuum Flask Thermos                30 listings  -> kept 4
HOM  Dinnerware Set                      30 listings  -> kept 1
HOM  Electric Iron                       30 listings  -> kept 3
HOM  Bed Sheet Set                       30 listings  -> kept 5
HOM  Carpet Rug                          30 listings  -> kept 1
FRN  Office Chair                        45 listings  -> kept 5
FRN  Plastic Chair                       30 listings  -> kept 5
FRN  Sofa Set                            30 listings  -> kept 5
FRN  Spring Mattress                     39 listings  -> kept 5
FRN  Metal Bed Frame                     45 listings  -> kept 5
FRN  Office Desk                         30 listings  -> kept 5
FRN  Steel Wardrobe                      36 listings  -> kept 5
FRN  Dining Table Set                    44 listings  -> kept 5
ELC  Smart LED TV 43 inch                30 listings  -> kept 4
ELC  Smart LED TV 32 inch                30 listings  -> kept 5
ELC  Bluetooth Speaker                   30 listings  -> kept 5
ELC  Power Bank 20000mAh                 30 listings  -> kept 5
ELC  TWS Wireless Earbuds                30 listings  -> kept 5
ELC  Smart Watch                         30 listings   ! fetch failed https://jmnova.en.made-in-china.com/product/RwZAyrhKksfc/China-2026-Wholesale-Smartwatch-W The read operation timed out
   ! fetch failed https://jmnova.en.made-in-china.com/product/lObTMUoKnsfJ/China-2026-Hot-Selling-Advanced-W <urlopen error [Errno 11001] getaddrinfo failed>
   ! fetch failed https://yuanzhou-smart.en.made-in-china.com/product/JfZpRkCcgyrG/China-F57L-Smart-Fitness- <urlopen error [Errno 11001] getaddrinfo failed>
   ! fetch failed https://dgzhiweismart.en.made-in-china.com/product/pTeUGjHAuzRP/China-Smartwatch-Heart-Rat <urlopen error [Errno 11001] getaddrinfo failed>
   ! fetch failed https://gdsimba.en.made-in-china.com/product/XdBfrExuOLYc/China-Stylish-Multi-Language-Blu <urlopen error [Errno 11001] getaddrinfo failed>
   ! fetch failed https://kaerelectric.en.made-in-china.com/product/YFLaSZXdykAK/China-Innovative-GPS-Smartw <urlopen error [Errno 11001] getaddrinfo failed>
   ! fetch failed https://vioneer.en.made-in-china.com/product/gdQTqkoCYxtz/China-Vioneer-New-Arrival-Super- <urlopen error [Errno 11001] getaddrinfo failed>
  -> kept 4
   ! fetch failed https://www.made-in-china.com/products-search/hot-china-products/4G_WiFi_Router_with_SIM.h <urlopen error [Errno 11001] getaddrinfo failed>
ELC  4G WiFi Router with SIM              0 listings  -> kept 0
   ! fetch failed https://www.made-in-china.com/products-search/hot-china-products/CCTV_Camera_Kit.html <urlopen error [Errno 11001] getaddrinfo failed>
ELC  CCTV Camera Kit                      0 listings  -> kept 0
   ! fetch failed https://www.made-in-china.com/products-search/hot-china-products/WiFi_Security_Camera.html <urlopen error [Errno 11001] getaddrinfo failed>
ELC  WiFi Security Camera                 0 listings  -> kept 0
   ! fetch failed https://www.made-in-china.com/products-search/hot-china-products/LED_Bulb.html <urlopen error [Errno 11001] getaddrinfo failed>
ELC  LED Bulb                             0 listings  -> kept 0
   ! fetch failed https://www.made-in-china.com/products-search/hot-china-products/4G_Smartphone.html <urlopen error [Errno 11001] getaddrinfo failed>
PHN  4G Smartphone                        0 listings  -> kept 0
   ! fetch failed https://www.made-in-china.com/products-search/hot-china-products/Feature_Phone_Dual_SIM.ht <urlopen error [Errno 11001] getaddrinfo failed>
PHN  Feature Phone Dual SIM               0 listings  -> kept 0
   ! fetch failed https://www.made-in-china.com/products-search/hot-china-products/Android_Tablet_10_inch.ht <urlopen error [Errno 11001] getaddrinfo failed>
PHN  Android Tablet 10 inch               0 listings  -> kept 0
   ! fetch failed https://www.made-in-china.com/products-search/hot-china-products/Fast_Charger_20W.html <urlopen error [Errno 11001] getaddrinfo failed>
PHN  Fast Charger 20W                     0 listings  -> kept 0
   ! fetch failed https://www.made-in-china.com/products-search/hot-china-products/Laptop_15_6_inch.html <urlopen error [Errno 11001] getaddrinfo failed>
CMP  Laptop 15.6 inch                     0 listings  -> kept 0
   ! fetch failed https://www.made-in-china.com/products-search/hot-china-products/Mini_PC.html <urlopen error [Errno 11001] getaddrinfo failed>
CMP  Mini PC                              0 listings  -> kept 0
   ! fetch failed https://www.made-in-china.com/products-search/hot-china-products/Computer_Monitor_24_inch. <urlopen error [Errno 11001] getaddrinfo failed>
CMP  Computer Monitor 24 inch             0 listings  -> kept 0
   ! fetch failed https://www.made-in-china.com/products-search/hot-china-products/UPS_1kVA.html <urlopen error [Errno 11001] getaddrinfo failed>
CMP  UPS 1kVA                             0 listings  -> kept 0
   ! fetch failed https://www.made-in-china.com/products-search/hot-china-products/Wireless_Keyboard_Mouse_C <urlopen error [Errno 11001] getaddrinfo failed>
CMP  Wireless Keyboard Mouse Combo        0 listings  -> kept 0
   ! fetch failed https://www.made-in-china.com/products-search/hot-china-products/Diesel_Generator_10kVA.ht <urlopen error [Errno 11001] getaddrinfo failed>
BLD  Diesel Generator 10kVA               0 listings  -> kept 0
   ! fetch failed https://www.made-in-china.com/products-search/hot-china-products/Gasoline_Generator_3kW.ht <urlopen error [Errno 11001] getaddrinfo failed>
BLD  Gasoline Generator 3kW               0 listings  -> kept 0
   ! fetch failed https://www.made-in-china.com/products-search/hot-china-products/Water_Pump_Electric.html <urlopen error [Errno 11001] getaddrinfo failed>
BLD  Water Pump Electric                  0 listings  -> kept 0
   ! fetch failed https://www.made-in-china.com/products-search/hot-china-products/Plastic_Water_Tank_1000L. <urlopen error [Errno 11001] getaddrinfo failed>
BLD  Plastic Water Tank 1000L             0 listings  -> kept 0
   ! fetch failed https://www.made-in-china.com/products-search/hot-china-products/Cordless_Drill.html <urlopen error [Errno 11001] getaddrinfo failed>
BLD  Cordless Drill                       0 listings  -> kept 0
   ! fetch failed https://www.made-in-china.com/products-search/hot-china-products/Inverter_Welding_Machine. <urlopen error [Errno 11001] getaddrinfo failed>
BLD  Inverter Welding Machine             0 listings  -> kept 0
   ! fetch failed https://www.made-in-china.com/products-search/hot-china-products/Steel_Security_Door.html <urlopen error [Errno 11001] getaddrinfo failed>
BLD  Steel Security Door                  0 listings  -> kept 0
   ! fetch failed https://www.made-in-china.com/products-search/hot-china-products/Padlock.html <urlopen error [Errno 11001] getaddrinfo failed>
BLD  Padlock                              0 listings  -> kept 0
   ! fetch failed https://www.made-in-china.com/products-search/hot-china-products/Paint_Sprayer.html <urlopen error [Errno 11001] getaddrinfo failed>
BLD  Paint Sprayer                        0 listings  -> kept 0
   ! fetch failed https://www.made-in-china.com/products-search/hot-china-products/Cargo_Tricycle.html <urlopen error [Errno 11001] getaddrinfo failed>
VEH  Cargo Tricycle                       0 listings  -> kept 0
   ! fetch failed https://www.made-in-china.com/products-search/hot-china-products/Passenger_Tricycle_Bajaj. <urlopen error [Errno 11001] getaddrinfo failed>
VEH  Passenger Tricycle Bajaj             0 listings  -> kept 0
   ! fetch failed https://www.made-in-china.com/products-search/hot-china-products/Motorcycle_150cc.html <urlopen error [Errno 11001] getaddrinfo failed>
VEH  Motorcycle 150cc                     0 listings  -> kept 0
   ! fetch failed https://www.made-in-china.com/products-search/hot-china-products/Car_Battery_12V.html <urlopen error [Errno 11001] getaddrinfo failed>
VEH  Car Battery 12V                      0 listings  -> kept 0
   ! fetch failed https://www.made-in-china.com/products-search/hot-china-products/Motorcycle_Helmet.html <urlopen error [Errno 11001] getaddrinfo failed>
VEH  Motorcycle Helmet                    0 listings  -> kept 0
   ! fetch failed https://www.made-in-china.com/products-search/hot-china-products/Car_Tyre_195_65R15.html <urlopen error [Errno 11001] getaddrinfo failed>
VEH  Car Tyre 195/65R15                   0 listings  -> kept 0
VEH  Brake Pads                          45 listings  -> kept 5
CLO  Abaya                               30 listings  -> kept 5
CLO  Men Thobe                           30 listings  -> kept 5
CLO  Hijab Scarf                         30 listings  -> kept 5
CLO  Men Sandals                         30 listings  -> kept 4
CLO  Sneakers                            30 listings  -> kept 5

205 real products from 126 suppliers -> data/catalog.csv  {'SOL': 46, 'APL': 40, 'HOM': 22, 'FRN': 40, 'ELC': 28, 'VEH': 5, 'CLO': 24}
